2026-05-25 20:02:23.116 
                [WARN ] 
                [           main] 
                [] 
                [org.hibernate.orm.deprecation           :?] 
                - HHH90000025: MySQL8Dialect does not need to be specified explicitly using 'hibernate.dialect' (remove the property setting and it will be selected by default)
2026-05-25 20:02:23.117 
                [WARN ] 
                [           main] 
                [] 
                [org.hibernate.orm.deprecation           :?] 
                - HHH90000026: MySQL8Dialect has been deprecated; use org.hibernate.dialect.MySQLDialect instead
2026-05-25 20:02:26.144 
                [WARN ] 
                [           main] 
                [] 
                [JpaBaseConfiguration$JpaWebConfiguration:?] 
                - spring.jpa.open-in-view is enabled by default. Therefore, database queries may be performed during view rendering. Explicitly configure spring.jpa.open-in-view to disable this warning
2026-05-25 20:04:13.050 
                [WARN ] 
                [nio-8080-exec-7] 
                [0dd4c353-3712-422d-8ef8-f08d49e81ba9] 
                [PageModule$PlainPageSerializationWarning:?] 
                - Serializing PageImpl instances as-is is not supported, meaning that there is no guarantee about the stability of the resulting JSON structure!
	For a stable JSON structure, please use Spring Data's PagedModel (globally via @EnableSpringDataWebSupport(pageSerializationMode = VIA_DTO))
	or Spring HATEOAS and Spring Data's PagedResourcesAssembler as documented in https://docs.spring.io/spring-data/commons/reference/repositories/core-extensions.html#core.web.pageables.

2026-05-25 22:29:35.545 
                [WARN ] 
                [l-1 housekeeper] 
                [] 
                [com.zaxxer.hikari.pool.HikariPool       :?] 
                - HikariPool-1 - Thread starvation or clock leap detected (housekeeper delta=22m40s215ms810µs200ns).
